
=================================== ERRORS ====================================
______________ ERROR collecting core/tools/test_sandbox_queue.py ______________
.venv\Lib\site-packages\_pytest\python.py:498: in importtestmodule
    mod = import_path(
.venv\Lib\site-packages\_pytest\pathlib.py:587: in import_path
    importlib.import_module(module_name)
C:\Program Files\WindowsApps\PythonSoftwareFoundation.Python.3.13_3.13.3312.0_x64__qbz5n2kfra8p0\Lib\importlib\__init__.py:88: in import_module
    return _bootstrap._gcd_import(name[level:], package, level)
           ^^^^^^^^^^^^^^^^^^^^^^^^^^^^^^^^^^^^^^^^^^^^^^^^^^^^
<frozen importlib._bootstrap>:1387: in _gcd_import
    ???
<frozen importlib._bootstrap>:1360: in _find_and_load
    ???
<frozen importlib._bootstrap>:1331: in _find_and_load_unlocked
    ???
<frozen importlib._bootstrap>:935: in _load_unlocked
    ???
.venv\Lib\site-packages\_pytest\assertion\rewrite.py:186: in exec_module
    exec(co, module.__dict__)
core\tools\test_sandbox_queue.py:22: in <module>
    from core import queue as core_queue
E     File "C:\projects\sentience-core\core\queue.py", line 162
E       try:
E   IndentationError: unexpected indent
============================== warnings summary ===============================
.venv\Lib\site-packages\speech_recognition\__init__.py:7
  C:\projects\sentience-core\.venv\Lib\site-packages\speech_recognition\__init__.py:7: DeprecationWarning: aifc was removed in Python 3.13. Please be aware that you are currently NOT using standard 'aifc', but instead a separately installed 'standard-aifc'.
    import aifc

-- Docs: https://docs.pytest.org/en/stable/how-to/capture-warnings.html
=========================== short test summary info ===========================
ERROR core/tools/test_sandbox_queue.py
1 warning, 1 error in 1.78s
